ERROR: Movie TDK03 not found